// Jest Snapshot v1, https://goo.gl/fbAQLP

exports[`__interactive 1`] = `
<DocumentFragment>
  <div
    class="sidebar"
    style="filter: url(#sticky-menu);"
  >
    <test-file-stub
      classname="hamburger isShow"
      style="top: 100px;"
    />
    <div
      class="arc isShow"
      style="top: 100px;"
    />
  </div>
</DocumentFragment>
`;
