// Jest Snapshot v1, https://goo.gl/fbAQLP

exports[`__interactive 1`] = `
<DocumentFragment>
  <div
    class="caseListItem"
  >
    <div
      class="title"
    >
      ISC Reporting
    </div>
    <div
      class="duration"
    >
      2019 - 2020
    </div>
    <div
      class="content"
    >
      description description description description description description.
    </div>
  </div>
</DocumentFragment>
`;
